agent.ts(86,43): error TS18046: 'result.content' is of type 'unknown'.
agent.ts(88,26): error TS18046: 'result.content' is of type 'unknown'.
agent.ts(303,41): error TS18046: 'result.content' is of type 'unknown'.
agent.ts(305,24): error TS18046: 'result.content' is of type 'unknown'.
mediaMcpServer.ts(79,37): error TS2339: Property 'gcsUri' does not exist on type 'VideoMetadata'.
mediaMcpServer.ts(80,39): error TS2339: Property 'gcsUri' does not exist on type 'VideoMetadata'.
